// Vitest Snapshot v1, https://vitest.dev/guide/snapshot.html

exports[`Code.vue > matches snapshot 1`] = `
<pre
  class="k-code"
>
  <code>
    This is some code
  </code>
</pre>
`;
