// Vitest Snapshot v1, https://vitest.dev/guide/snapshot.html

exports[`Text.vue > matches snapshot 1`] = `
<div
  class="k-text"
  data-align="right"
  data-size="large"
  data-theme="help"
>
  This is some text
</div>
`;
